// Jest Snapshot v1, https://goo.gl/fbAQLP

exports[`<MenuLink /> renders link 1`] = `
<styled.button>
  <i
    className="material-icons"
  >
    phone
  </i>
  <styled.p>
    Call me
  </styled.p>
</styled.button>
`;
